Step 91 - Score 409 - LOSE_END
Water: 11 / 10, Level 4
Growth: 5 / 25, Razor: 10
##############################
# ...........................#
# ........................W..#
# .\\\\\\\\\\\\\\\\\\\\\\\\..#
# ...........................#
# .*****.*\...*...*...*****..#
# .*\....*\....*\*..*.\\*\\..#
# .*\....****..!*!......*....#
# .*\....*\....*\*..*...*....#
# .*\....*\...*...*.....*....#
# ...........................#
#                     R\\\\..#
#                   W..W.....#
#                   WWWW....L#
##############################

