Step 114 - Score 1586 - ABORT_END
Water: 0 / 10, Level 0
Growth: 6 / 25, Razor: 3
#################         
#     #   **    #         
#  ##     #.    ####      
#         ####R ...#      
#            .. ...#      
#   #        #  #.########
#   # ..     #   .. WWWWW#
#   # ..     #   .. WWWWW#
#   # *..       #######WW#
#*  # ###       #     #WW#
### #           #     ##O#
#.. #           #         
#      **  **  ##         
#################         

