Step 392 - Score 5308 - WIN_END
Water: 0 / 10, Level 0
Growth: 17 / 25, Razor: 0
#######################################
#    ................#..            ..#
#** * ...##############################
#.. .             ....................#
#.. ........                    ......#
#.. .*. ....  . . .#......  ..........#
#.. ... ...    *  .#.       ..........#
#.. ... ...  *.....#......     *    ..#
#.. ... ...  ......#......  ......  ..#
#.. ... ... *......#......  ......  ..#
#.. ... ... .......#......            #
#..*        .......#......        *  *#
########### ############## ############
#..   ...   .............   ..........#
#..   ... ..............        ......#
#...    . . ..                    ....#
#...            ######## .            R
#..        *    #   #... . ...*.. ....#
#.. ***   ..... #   #... **..***. ....#
#....****...... #   # .. ........ ....#
#.............. #   # .  **...*   ....#
#...........    #.   *  *...... ......#
######       ############## ### #######
#                                     #
#######################################

